
lukas@lukas-ThinkPad-X260:~/Schreibtisch/Github Repos/AF_2D$ bash make.sh 
 time:    10.000000149011612     
 max:   0.98218755713350792     
 min:   -1.5052878723015258E-003
 error2D:
          16          16   2.5607156133935917E-002
 max:
          16          16  0.98218755713350792     
 CFL :   0.80000001192092896     
 dt :   0.50000000745058060     
 ax :    1.0000000000000000     
 ay :    0.0000000000000000     
lukas@lukas-ThinkPad-X260:~/Schreibtisch/Github Repos/AF_2D$ bash make.sh 
 time:    10.000000149011612     
 max:   0.99810745999791994     
 min:   -6.3260581891646574E-007
 error2D:
          32          32   6.2555429009563930E-003
 max:
          32          32  0.99810745999791994     
 CFL :   0.80000001192092896     
 dt :   0.25000000372529030     
 ax :    1.0000000000000000     
 ay :    0.0000000000000000     
lukas@lukas-ThinkPad-X260:~/Schreibtisch/Github Repos/AF_2D$ bash make.sh 
 time:    10.000000149011614     
 max:   0.99948209491809425     
 min:    1.5498826345249283E-011
 error2D:
          48          48   2.7508951868925515E-003
 max:
          48          48  0.99948209491809425     
 CFL :   0.80000001192092896     
 dt :   0.16666666915019354     
 ax :    1.0000000000000000     
 ay :    0.0000000000000000     
lukas@lukas-ThinkPad-X260:~/Schreibtisch/Github Repos/AF_2D$ bash make.sh 
 time:    10.000000149011612     
 max:   0.99979041643122057     
 min:    1.7161784961925078E-011
 error2D:
          64          64   1.5392572951525786E-003
 max:
          64          64  0.99979041643122057     
 CFL :   0.80000001192092896     
 dt :   0.12500000186264515     
 ax :    1.0000000000000000     
 ay :    0.0000000000000000     
lukas@lukas-ThinkPad-X260:~/Schreibtisch/Github Repos/AF_2D$ bash make.sh 
 time:    10.000000149011612     
 max:   0.99997537131156378     
 min:    1.7066728877533200E-011
 error2D:
         128         128   3.8150647862428310E-004
 max:
         128         128  0.99997537131156378     
 CFL :   0.80000001192092896     
 dt :    6.2500000931322575E-002
 ax :    1.0000000000000000     
 ay :    0.0000000000000000     
lukas@lukas-ThinkPad-X260:~/Schreibtisch/Github Repos/AF_2D$ 

